App.tsx(26,47): error TS2307: Cannot find module './pages/courses/CssCoursePage' or its corresponding type declarations.
